Analysis & Synthesis report for Calculator
Sat Mar 11 15:25:36 2023
Quartus Prime Version 20.1.1 Build 720 11/11/2020 SJ Lite Edition


---------------------
; Table of Contents ;
---------------------
  1. Legal Notice
  2. Analysis & Synthesis Summary
  3. Analysis & Synthesis Settings
  4. Parallel Compilation
  5. Analysis & Synthesis Source Files Read
  6. Analysis & Synthesis Resource Usage Summary
  7. Analysis & Synthesis Resource Utilization by Entity
  8. State Machine - |Calculator|InputUnit:L3|keypad_base:L0|keypad_fsm:L1|state
  9. Registers Removed During Synthesis
 10. General Register Statistics
 11. Inverted Register Statistics
 12. Multiplexer Restructuring Statistics (Restructuring Performed)
 13. Parameter Settings for User Entity Instance: InputUnit:L3|keypad_base:L0|clock_div:L0
 14. Parameter Settings for User Entity Instance: InputUnit:L3|shift_reg:L1
 15. Parameter Settings for User Entity Instance: InputUnit:L3|shift_reg:LL1
 16. Parameter Settings for User Entity Instance: ArithmeticUnit:L5
 17. Parameter Settings for User Entity Instance: ArithmeticUnit:L5|RegisterN:registerA
 18. Parameter Settings for User Entity Instance: ArithmeticUnit:L5|RegisterN:registerB
 19. Parameter Settings for User Entity Instance: ArithmeticUnit:L5|AdderSub:AdderSub0
 20. Parameter Settings for User Entity Instance: ArithmeticUnit:L5|RegisterN:registerR
 21. Parameter Settings for Inferred Entity Instance: InputUnit:L3|BCD2BinarySM:L2|lpm_mult:Mult0
 22. lpm_mult Parameter Settings by Entity Instance
 23. Port Connectivity Checks: "OutputUnit:L6|BinaryToBCD:L1|add3:m6"
 24. Port Connectivity Checks: "OutputUnit:L6|BinaryToBCD:L1|add3:m1"
 25. Port Connectivity Checks: "InputUnit:L3|shift_reg:LL1"
 26. Port Connectivity Checks: "InputUnit:L3|shift_reg:L1"
 27. Port Connectivity Checks: "InputUnit:L3|keypad_base:L0|clock_div:L0"
 28. Port Connectivity Checks: "InputUnit:L3"
 29. Port Connectivity Checks: "ControlUnit:L0|Controller:L1"
 30. Post-Synthesis Netlist Statistics for Top Partition
 31. Elapsed Time Per Partition
 32. Analysis & Synthesis Messages



----------------
; Legal Notice ;
----------------
Copyright (C) 2020  Intel Corporation. All rights reserved.
Your use of Intel Corporation's design tools, logic functions 
and other software and tools, and any partner logic 
functions, and any output files from any of the foregoing 
(including device programming or simulation files), and any 
associated documentation or information are expressly subject 
to the terms and conditions of the Intel Program License 
Subscription Agreement, the Intel Quartus Prime License Agreement,
the Intel FPGA IP License Agreement, or other applicable license
agreement, including, without limitation, that your use is for
the sole purpose of programming logic devices manufactured by
Intel and sold by Intel or its authorized distributors.  Please
refer to the applicable agreement for further details, at
https://fpgasoftware.intel.com/eula.



+----------------------------------------------------------------------------------+
; Analysis & Synthesis Summary                                                     ;
+------------------------------------+---------------------------------------------+
; Analysis & Synthesis Status        ; Successful - Sat Mar 11 15:25:36 2023       ;
; Quartus Prime Version              ; 20.1.1 Build 720 11/11/2020 SJ Lite Edition ;
; Revision Name                      ; Calculator                                  ;
; Top-level Entity Name              ; Calculator                                  ;
; Family                             ; MAX 10                                      ;
; Total logic elements               ; 374                                         ;
;     Total combinational functions  ; 332                                         ;
;     Dedicated logic registers      ; 114                                         ;
; Total registers                    ; 114                                         ;
; Total pins                         ; 49                                          ;
; Total virtual pins                 ; 0                                           ;
; Total memory bits                  ; 0                                           ;
; Embedded Multiplier 9-bit elements ; 0                                           ;
; Total PLLs                         ; 0                                           ;
; UFM blocks                         ; 0                                           ;
; ADC blocks                         ; 0                                           ;
+------------------------------------+---------------------------------------------+


+------------------------------------------------------------------------------------------------------------+
; Analysis & Synthesis Settings                                                                              ;
+------------------------------------------------------------------+--------------------+--------------------+
; Option                                                           ; Setting            ; Default Value      ;
+------------------------------------------------------------------+--------------------+--------------------+
; Device                                                           ; 10M50DAF484C7G     ;                    ;
; Top-level entity name                                            ; Calculator         ; Calculator         ;
; Family name                                                      ; MAX 10             ; Cyclone V          ;
; Use smart compilation                                            ; Off                ; Off                ;
; Enable parallel Assembler and Timing Analyzer during compilation ; On                 ; On                 ;
; Enable compact report table                                      ; Off                ; Off                ;
; Restructure Multiplexers                                         ; Auto               ; Auto               ;
; Create Debugging Nodes for IP Cores                              ; Off                ; Off                ;
; Preserve fewer node names                                        ; On                 ; On                 ;
; Intel FPGA IP Evaluation Mode                                    ; Enable             ; Enable             ;
; Verilog Version                                                  ; Verilog_2001       ; Verilog_2001       ;
; VHDL Version                                                     ; VHDL_1993          ; VHDL_1993          ;
; State Machine Processing                                         ; Auto               ; Auto               ;
; Safe State Machine                                               ; Off                ; Off                ;
; Extract Verilog State Machines                                   ; On                 ; On                 ;
; Extract VHDL State Machines                                      ; On                 ; On                 ;
; Ignore Verilog initial constructs                                ; Off                ; Off                ;
; Iteration limit for constant Verilog loops                       ; 5000               ; 5000               ;
; Iteration limit for non-constant Verilog loops                   ; 250                ; 250                ;
; Add Pass-Through Logic to Inferred RAMs                          ; On                 ; On                 ;
; Infer RAMs from Raw Logic                                        ; On                 ; On                 ;
; Parallel Synthesis                                               ; On                 ; On                 ;
; DSP Block Balancing                                              ; Auto               ; Auto               ;
; NOT Gate Push-Back                                               ; On                 ; On                 ;
; Power-Up Don't Care                                              ; On                 ; On                 ;
; Remove Redundant Logic Cells                                     ; Off                ; Off                ;
; Remove Duplicate Registers                                       ; On                 ; On                 ;
; Ignore CARRY Buffers                                             ; Off                ; Off                ;
; Ignore CASCADE Buffers                                           ; Off                ; Off                ;
; Ignore GLOBAL Buffers                                            ; Off                ; Off                ;
; Ignore ROW GLOBAL Buffers                                        ; Off                ; Off                ;
; Ignore LCELL Buffers                                             ; Off                ; Off                ;
; Ignore SOFT Buffers                                              ; On                 ; On                 ;
; Limit AHDL Integers to 32 Bits                                   ; Off                ; Off                ;
; Optimization Technique                                           ; Balanced           ; Balanced           ;
; Carry Chain Length                                               ; 70                 ; 70                 ;
; Auto Carry Chains                                                ; On                 ; On                 ;
; Auto Open-Drain Pins                                             ; On                 ; On                 ;
; Perform WYSIWYG Primitive Resynthesis                            ; Off                ; Off                ;
; Auto ROM Replacement                                             ; On                 ; On                 ;
; Auto RAM Replacement                                             ; On                 ; On                 ;
; Auto DSP Block Replacement                                       ; On                 ; On                 ;
; Auto Shift Register Replacement                                  ; Auto               ; Auto               ;
; Allow Shift Register Merging across Hierarchies                  ; Auto               ; Auto               ;
; Auto Clock Enable Replacement                                    ; On                 ; On                 ;
; Strict RAM Replacement                                           ; Off                ; Off                ;
; Allow Synchronous Control Signals                                ; On                 ; On                 ;
; Force Use of Synchronous Clear Signals                           ; Off                ; Off                ;
; Auto RAM Block Balancing                                         ; On                 ; On                 ;
; Auto RAM to Logic Cell Conversion                                ; Off                ; Off                ;
; Auto Resource Sharing                                            ; Off                ; Off                ;
; Allow Any RAM Size For Recognition                               ; Off                ; Off                ;
; Allow Any ROM Size For Recognition                               ; Off                ; Off                ;
; Allow Any Shift Register Size For Recognition                    ; Off                ; Off                ;
; Use LogicLock Constraints during Resource Balancing              ; On                 ; On                 ;
; Ignore translate_off and synthesis_off directives                ; Off                ; Off                ;
; Timing-Driven Synthesis                                          ; On                 ; On                 ;
; Report Parameter Settings                                        ; On                 ; On                 ;
; Report Source Assignments                                        ; On                 ; On                 ;
; Report Connectivity Checks                                       ; On                 ; On                 ;
; Ignore Maximum Fan-Out Assignments                               ; Off                ; Off                ;
; Synchronization Register Chain Length                            ; 2                  ; 2                  ;
; Power Optimization During Synthesis                              ; Normal compilation ; Normal compilation ;
; HDL message level                                                ; Level2             ; Level2             ;
; Suppress Register Optimization Related Messages                  ; Off                ; Off                ;
; Number of Removed Registers Reported in Synthesis Report         ; 5000               ; 5000               ;
; Number of Swept Nodes Reported in Synthesis Report               ; 5000               ; 5000               ;
; Number of Inverted Registers Reported in Synthesis Report        ; 100                ; 100                ;
; Clock MUX Protection                                             ; On                 ; On                 ;
; Auto Gated Clock Conversion                                      ; Off                ; Off                ;
; Block Design Naming                                              ; Auto               ; Auto               ;
; SDC constraint protection                                        ; Off                ; Off                ;
; Synthesis Effort                                                 ; Auto               ; Auto               ;
; Shift Register Replacement - Allow Asynchronous Clear Signal     ; On                 ; On                 ;
; Pre-Mapping Resynthesis Optimization                             ; Off                ; Off                ;
; Analysis & Synthesis Message Level                               ; Medium             ; Medium             ;
; Disable Register Merging Across Hierarchies                      ; Auto               ; Auto               ;
; Resource Aware Inference For Block RAM                           ; On                 ; On                 ;
+------------------------------------------------------------------+--------------------+--------------------+


+------------------------------------------+
; Parallel Compilation                     ;
+----------------------------+-------------+
; Processors                 ; Number      ;
+----------------------------+-------------+
; Number detected on machine ; 16          ;
; Maximum allowed            ; 16          ;
;                            ;             ;
; Average used               ; 1.01        ;
; Maximum used               ; 16          ;
;                            ;             ;
; Usage by Processor         ; % Time Used ;
;     Processor 1            ; 100.0%      ;
;     Processor 2            ;   0.1%      ;
;     Processors 3-16        ;   0.0%      ;
+----------------------------+-------------+


+-------------------------------------------------------------------------------------------------------------------------------------------------------------------------------+
; Analysis & Synthesis Source Files Read                                                                                                                                        ;
+----------------------------------+-----------------+------------------------+---------------------------------------------------------------------------------------+---------+
; File Name with User-Entered Path ; Used in Netlist ; File Type              ; File Name with Absolute Path                                                          ; Library ;
+----------------------------------+-----------------+------------------------+---------------------------------------------------------------------------------------+---------+
; Calculator.v                     ; yes             ; User Verilog HDL File  ; C:/Users/mannn/Documents/Github/Calculator/Calculator/Calculator.v                    ;         ;
; Delay.v                          ; yes             ; User Verilog HDL File  ; C:/Users/mannn/Documents/Github/Calculator/Calculator/Delay.v                         ;         ;
; Controller.v                     ; yes             ; User Verilog HDL File  ; C:/Users/mannn/Documents/Github/Calculator/Calculator/Controller.v                    ;         ;
; OutputUnit/Switch.v              ; yes             ; User Verilog HDL File  ; C:/Users/mannn/Documents/Github/Calculator/Calculator/OutputUnit/Switch.v             ;         ;
; OutputUnit/SignPlace.v           ; yes             ; User Verilog HDL File  ; C:/Users/mannn/Documents/Github/Calculator/Calculator/OutputUnit/SignPlace.v          ;         ;
; OutputUnit/OutputUnit.v          ; yes             ; User Verilog HDL File  ; C:/Users/mannn/Documents/Github/Calculator/Calculator/OutputUnit/OutputUnit.v         ;         ;
; OutputUnit/DecimalDisplay.v      ; yes             ; User Verilog HDL File  ; C:/Users/mannn/Documents/Github/Calculator/Calculator/OutputUnit/DecimalDisplay.v     ;         ;
; OutputUnit/Complement_O.v        ; yes             ; User Verilog HDL File  ; C:/Users/mannn/Documents/Github/Calculator/Calculator/OutputUnit/Complement_O.v       ;         ;
; OutputUnit/BinaryToBCD.v         ; yes             ; User Verilog HDL File  ; C:/Users/mannn/Documents/Github/Calculator/Calculator/OutputUnit/BinaryToBCD.v        ;         ;
; InputUnit/shift_reg.v            ; yes             ; User Verilog HDL File  ; C:/Users/mannn/Documents/Github/Calculator/Calculator/InputUnit/shift_reg.v           ;         ;
; InputUnit/RegisterN.v            ; yes             ; User Verilog HDL File  ; C:/Users/mannn/Documents/Github/Calculator/Calculator/InputUnit/RegisterN.v           ;         ;
; InputUnit/keypad_fsm.v           ; yes             ; User Verilog HDL File  ; C:/Users/mannn/Documents/Github/Calculator/Calculator/InputUnit/keypad_fsm.v          ;         ;
; InputUnit/keypad_decoder.v       ; yes             ; User Verilog HDL File  ; C:/Users/mannn/Documents/Github/Calculator/Calculator/InputUnit/keypad_decoder.v      ;         ;
; InputUnit/keypad_base.v          ; yes             ; User Verilog HDL File  ; C:/Users/mannn/Documents/Github/Calculator/Calculator/InputUnit/keypad_base.v         ;         ;
; InputUnit/InputUnit.v            ; yes             ; User Verilog HDL File  ; C:/Users/mannn/Documents/Github/Calculator/Calculator/InputUnit/InputUnit.v           ;         ;
; InputUnit/Complement_I.v         ; yes             ; User Verilog HDL File  ; C:/Users/mannn/Documents/Github/Calculator/Calculator/InputUnit/Complement_I.v        ;         ;
; InputUnit/clock_div.v            ; yes             ; User Verilog HDL File  ; C:/Users/mannn/Documents/Github/Calculator/Calculator/InputUnit/clock_div.v           ;         ;
; InputUnit/CheckValue.v           ; yes             ; User Verilog HDL File  ; C:/Users/mannn/Documents/Github/Calculator/Calculator/InputUnit/CheckValue.v          ;         ;
; InputUnit/BCD2BinarySM.v         ; yes             ; User Verilog HDL File  ; C:/Users/mannn/Documents/Github/Calculator/Calculator/InputUnit/BCD2BinarySM.v        ;         ;
; ArithmeticUnit/ArithmeticUnit.v  ; yes             ; User Verilog HDL File  ; C:/Users/mannn/Documents/Github/Calculator/Calculator/ArithmeticUnit/ArithmeticUnit.v ;         ;
; ArithmeticUnit/AdderSub.v        ; yes             ; User Verilog HDL File  ; C:/Users/mannn/Documents/Github/Calculator/Calculator/ArithmeticUnit/AdderSub.v       ;         ;
; ControlUnit.v                    ; yes             ; User Verilog HDL File  ; C:/Users/mannn/Documents/Github/Calculator/Calculator/ControlUnit.v                   ;         ;
; lpm_mult.tdf                     ; yes             ; Megafunction           ; c:/intelfpga_lite/20.1/quartus/libraries/megafunctions/lpm_mult.tdf                   ;         ;
; aglobal201.inc                   ; yes             ; Megafunction           ; c:/intelfpga_lite/20.1/quartus/libraries/megafunctions/aglobal201.inc                 ;         ;
; lpm_add_sub.inc                  ; yes             ; Megafunction           ; c:/intelfpga_lite/20.1/quartus/libraries/megafunctions/lpm_add_sub.inc                ;         ;
; multcore.inc                     ; yes             ; Megafunction           ; c:/intelfpga_lite/20.1/quartus/libraries/megafunctions/multcore.inc                   ;         ;
; bypassff.inc                     ; yes             ; Megafunction           ; c:/intelfpga_lite/20.1/quartus/libraries/megafunctions/bypassff.inc                   ;         ;
; altshift.inc                     ; yes             ; Megafunction           ; c:/intelfpga_lite/20.1/quartus/libraries/megafunctions/altshift.inc                   ;         ;
; multcore.tdf                     ; yes             ; Megafunction           ; c:/intelfpga_lite/20.1/quartus/libraries/megafunctions/multcore.tdf                   ;         ;
; csa_add.inc                      ; yes             ; Megafunction           ; c:/intelfpga_lite/20.1/quartus/libraries/megafunctions/csa_add.inc                    ;         ;
; mpar_add.inc                     ; yes             ; Megafunction           ; c:/intelfpga_lite/20.1/quartus/libraries/megafunctions/mpar_add.inc                   ;         ;
; muleabz.inc                      ; yes             ; Megafunction           ; c:/intelfpga_lite/20.1/quartus/libraries/megafunctions/muleabz.inc                    ;         ;
; mul_lfrg.inc                     ; yes             ; Megafunction           ; c:/intelfpga_lite/20.1/quartus/libraries/megafunctions/mul_lfrg.inc                   ;         ;
; mul_boothc.inc                   ; yes             ; Megafunction           ; c:/intelfpga_lite/20.1/quartus/libraries/megafunctions/mul_boothc.inc                 ;         ;
; alt_ded_mult.inc                 ; yes             ; Megafunction           ; c:/intelfpga_lite/20.1/quartus/libraries/megafunctions/alt_ded_mult.inc               ;         ;
; alt_ded_mult_y.inc               ; yes             ; Megafunction           ; c:/intelfpga_lite/20.1/quartus/libraries/megafunctions/alt_ded_mult_y.inc             ;         ;
; dffpipe.inc                      ; yes             ; Megafunction           ; c:/intelfpga_lite/20.1/quartus/libraries/megafunctions/dffpipe.inc                    ;         ;
; mpar_add.tdf                     ; yes             ; Megafunction           ; c:/intelfpga_lite/20.1/quartus/libraries/megafunctions/mpar_add.tdf                   ;         ;
; altshift.tdf                     ; yes             ; Megafunction           ; c:/intelfpga_lite/20.1/quartus/libraries/megafunctions/altshift.tdf                   ;         ;
+----------------------------------+-----------------+------------------------+---------------------------------------------------------------------------------------+---------+


+---------------------------------------------------------+
; Analysis & Synthesis Resource Usage Summary             ;
+---------------------------------------------+-----------+
; Resource                                    ; Usage     ;
+---------------------------------------------+-----------+
; Estimated Total logic elements              ; 374       ;
;                                             ;           ;
; Total combinational functions               ; 332       ;
; Logic element usage by number of LUT inputs ;           ;
;     -- 4 input functions                    ; 168       ;
;     -- 3 input functions                    ; 66        ;
;     -- <=2 input functions                  ; 98        ;
;                                             ;           ;
; Logic elements by mode                      ;           ;
;     -- normal mode                          ; 259       ;
;     -- arithmetic mode                      ; 73        ;
;                                             ;           ;
; Total registers                             ; 114       ;
;     -- Dedicated logic registers            ; 114       ;
;     -- I/O registers                        ; 0         ;
;                                             ;           ;
; I/O pins                                    ; 49        ;
;                                             ;           ;
; Embedded Multiplier 9-bit elements          ; 0         ;
;                                             ;           ;
; Maximum fan-out node                        ; clk~input ;
; Maximum fan-out                             ; 39        ;
; Total fan-out                               ; 1464      ;
; Average fan-out                             ; 2.69      ;
+---------------------------------------------+-----------+


+----------------------------------------------------------------------------------------------------------------------------------------------------------------------------------------------------------------------------------------------------------------------------------------------------------+
; Analysis & Synthesis Resource Utilization by Entity                                                                                                                                                                                                                                                      ;
+----------------------------------------+---------------------+---------------------------+-------------+------------+--------------+---------+-----------+------+--------------+------------+----------------------------------------------------------------------------+----------------+--------------+
; Compilation Hierarchy Node             ; Combinational ALUTs ; Dedicated Logic Registers ; Memory Bits ; UFM Blocks ; DSP Elements ; DSP 9x9 ; DSP 18x18 ; Pins ; Virtual Pins ; ADC blocks ; Full Hierarchy Name                                                        ; Entity Name    ; Library Name ;
+----------------------------------------+---------------------+---------------------------+-------------+------------+--------------+---------+-----------+------+--------------+------------+----------------------------------------------------------------------------+----------------+--------------+
; |Calculator                            ; 332 (0)             ; 114 (0)                   ; 0           ; 0          ; 0            ; 0       ; 0         ; 49   ; 0            ; 0          ; |Calculator                                                                ; Calculator     ; work         ;
;    |ArithmeticUnit:L5|                 ; 20 (0)              ; 24 (0)                    ; 0           ; 0          ; 0            ; 0       ; 0         ; 0    ; 0            ; 0          ; |Calculator|ArithmeticUnit:L5                                              ; ArithmeticUnit ; work         ;
;       |AdderSub:AdderSub0|             ; 20 (1)              ; 0 (0)                     ; 0           ; 0          ; 0            ; 0       ; 0         ; 0    ; 0            ; 0          ; |Calculator|ArithmeticUnit:L5|AdderSub:AdderSub0                           ; AdderSub       ; work         ;
;          |FullAdder:S[1]|              ; 2 (2)               ; 0 (0)                     ; 0           ; 0          ; 0            ; 0       ; 0         ; 0    ; 0            ; 0          ; |Calculator|ArithmeticUnit:L5|AdderSub:AdderSub0|FullAdder:S[1]            ; FullAdder      ; work         ;
;          |FullAdder:S[2]|              ; 2 (2)               ; 0 (0)                     ; 0           ; 0          ; 0            ; 0       ; 0         ; 0    ; 0            ; 0          ; |Calculator|ArithmeticUnit:L5|AdderSub:AdderSub0|FullAdder:S[2]            ; FullAdder      ; work         ;
;          |FullAdder:S[3]|              ; 2 (2)               ; 0 (0)                     ; 0           ; 0          ; 0            ; 0       ; 0         ; 0    ; 0            ; 0          ; |Calculator|ArithmeticUnit:L5|AdderSub:AdderSub0|FullAdder:S[3]            ; FullAdder      ; work         ;
;          |FullAdder:S[4]|              ; 4 (4)               ; 0 (0)                     ; 0           ; 0          ; 0            ; 0       ; 0         ; 0    ; 0            ; 0          ; |Calculator|ArithmeticUnit:L5|AdderSub:AdderSub0|FullAdder:S[4]            ; FullAdder      ; work         ;
;          |FullAdder:S[5]|              ; 3 (3)               ; 0 (0)                     ; 0           ; 0          ; 0            ; 0       ; 0         ; 0    ; 0            ; 0          ; |Calculator|ArithmeticUnit:L5|AdderSub:AdderSub0|FullAdder:S[5]            ; FullAdder      ; work         ;
;          |FullAdder:S[6]|              ; 2 (2)               ; 0 (0)                     ; 0           ; 0          ; 0            ; 0       ; 0         ; 0    ; 0            ; 0          ; |Calculator|ArithmeticUnit:L5|AdderSub:AdderSub0|FullAdder:S[6]            ; FullAdder      ; work         ;
;          |FullAdder:S[7]|              ; 2 (2)               ; 0 (0)                     ; 0           ; 0          ; 0            ; 0       ; 0         ; 0    ; 0            ; 0          ; |Calculator|ArithmeticUnit:L5|AdderSub:AdderSub0|FullAdder:S[7]            ; FullAdder      ; work         ;
;          |FullAdder:Sini|              ; 2 (2)               ; 0 (0)                     ; 0           ; 0          ; 0            ; 0       ; 0         ; 0    ; 0            ; 0          ; |Calculator|ArithmeticUnit:L5|AdderSub:AdderSub0|FullAdder:Sini            ; FullAdder      ; work         ;
;       |RegisterN:registerA|            ; 0 (0)               ; 8 (8)                     ; 0           ; 0          ; 0            ; 0       ; 0         ; 0    ; 0            ; 0          ; |Calculator|ArithmeticUnit:L5|RegisterN:registerA                          ; RegisterN      ; work         ;
;       |RegisterN:registerB|            ; 0 (0)               ; 8 (8)                     ; 0           ; 0          ; 0            ; 0       ; 0         ; 0    ; 0            ; 0          ; |Calculator|ArithmeticUnit:L5|RegisterN:registerB                          ; RegisterN      ; work         ;
;       |RegisterN:registerR|            ; 0 (0)               ; 8 (8)                     ; 0           ; 0          ; 0            ; 0       ; 0         ; 0    ; 0            ; 0          ; |Calculator|ArithmeticUnit:L5|RegisterN:registerR                          ; RegisterN      ; work         ;
;    |ControlUnit:L0|                    ; 7 (1)               ; 8 (0)                     ; 0           ; 0          ; 0            ; 0       ; 0         ; 0    ; 0            ; 0          ; |Calculator|ControlUnit:L0                                                 ; ControlUnit    ; work         ;
;       |Controller:L1|                  ; 3 (3)               ; 2 (2)                     ; 0           ; 0          ; 0            ; 0       ; 0         ; 0    ; 0            ; 0          ; |Calculator|ControlUnit:L0|Controller:L1                                   ; Controller     ; work         ;
;       |Delay:L0|                       ; 1 (1)               ; 2 (2)                     ; 0           ; 0          ; 0            ; 0       ; 0         ; 0    ; 0            ; 0          ; |Calculator|ControlUnit:L0|Delay:L0                                        ; Delay          ; work         ;
;       |Delay:L2|                       ; 0 (0)               ; 2 (2)                     ; 0           ; 0          ; 0            ; 0       ; 0         ; 0    ; 0            ; 0          ; |Calculator|ControlUnit:L0|Delay:L2                                        ; Delay          ; work         ;
;       |Delay:L3|                       ; 2 (2)               ; 2 (2)                     ; 0           ; 0          ; 0            ; 0       ; 0         ; 0    ; 0            ; 0          ; |Calculator|ControlUnit:L0|Delay:L3                                        ; Delay          ; work         ;
;    |InputUnit:L3|                      ; 204 (0)             ; 82 (0)                    ; 0           ; 0          ; 0            ; 0       ; 0         ; 0    ; 0            ; 0          ; |Calculator|InputUnit:L3                                                   ; InputUnit      ; work         ;
;       |BCD2BinarySM:L2|                ; 76 (72)             ; 0 (0)                     ; 0           ; 0          ; 0            ; 0       ; 0         ; 0    ; 0            ; 0          ; |Calculator|InputUnit:L3|BCD2BinarySM:L2                                   ; BCD2BinarySM   ; work         ;
;          |lpm_mult:Mult0|              ; 4 (0)               ; 0 (0)                     ; 0           ; 0          ; 0            ; 0       ; 0         ; 0    ; 0            ; 0          ; |Calculator|InputUnit:L3|BCD2BinarySM:L2|lpm_mult:Mult0                    ; lpm_mult       ; work         ;
;             |multcore:mult_core|       ; 4 (4)               ; 0 (0)                     ; 0           ; 0          ; 0            ; 0       ; 0         ; 0    ; 0            ; 0          ; |Calculator|InputUnit:L3|BCD2BinarySM:L2|lpm_mult:Mult0|multcore:mult_core ; multcore       ; work         ;
;       |Complement_I:L4|                ; 18 (18)             ; 0 (0)                     ; 0           ; 0          ; 0            ; 0       ; 0         ; 0    ; 0            ; 0          ; |Calculator|InputUnit:L3|Complement_I:L4                                   ; Complement_I   ; work         ;
;       |keypad_base:L0|                 ; 104 (1)             ; 49 (0)                    ; 0           ; 0          ; 0            ; 0       ; 0         ; 0    ; 0            ; 0          ; |Calculator|InputUnit:L3|keypad_base:L0                                    ; keypad_base    ; work         ;
;          |clock_div:L0|                ; 49 (49)             ; 33 (33)                   ; 0           ; 0          ; 0            ; 0       ; 0         ; 0    ; 0            ; 0          ; |Calculator|InputUnit:L3|keypad_base:L0|clock_div:L0                       ; clock_div      ; work         ;
;          |keypad_decoder:L2|           ; 35 (35)             ; 0 (0)                     ; 0           ; 0          ; 0            ; 0       ; 0         ; 0    ; 0            ; 0          ; |Calculator|InputUnit:L3|keypad_base:L0|keypad_decoder:L2                  ; keypad_decoder ; work         ;
;          |keypad_fsm:L1|               ; 19 (19)             ; 16 (16)                   ; 0           ; 0          ; 0            ; 0       ; 0         ; 0    ; 0            ; 0          ; |Calculator|InputUnit:L3|keypad_base:L0|keypad_fsm:L1                      ; keypad_fsm     ; work         ;
;       |shift_reg:L1|                   ; 0 (0)               ; 17 (17)                   ; 0           ; 0          ; 0            ; 0       ; 0         ; 0    ; 0            ; 0          ; |Calculator|InputUnit:L3|shift_reg:L1                                      ; shift_reg      ; work         ;
;       |shift_reg:LL1|                  ; 6 (6)               ; 16 (16)                   ; 0           ; 0          ; 0            ; 0       ; 0         ; 0    ; 0            ; 0          ; |Calculator|InputUnit:L3|shift_reg:LL1                                     ; shift_reg      ; work         ;
;    |OutputUnit:L6|                     ; 101 (0)             ; 0 (0)                     ; 0           ; 0          ; 0            ; 0       ; 0         ; 0    ; 0            ; 0          ; |Calculator|OutputUnit:L6                                                  ; OutputUnit     ; work         ;
;       |BinaryToBCD:L1|                 ; 31 (0)              ; 0 (0)                     ; 0           ; 0          ; 0            ; 0       ; 0         ; 0    ; 0            ; 0          ; |Calculator|OutputUnit:L6|BinaryToBCD:L1                                   ; BinaryToBCD    ; work         ;
;          |add3:m1|                     ; 1 (1)               ; 0 (0)                     ; 0           ; 0          ; 0            ; 0       ; 0         ; 0    ; 0            ; 0          ; |Calculator|OutputUnit:L6|BinaryToBCD:L1|add3:m1                           ; add3           ; work         ;
;          |add3:m2|                     ; 8 (8)               ; 0 (0)                     ; 0           ; 0          ; 0            ; 0       ; 0         ; 0    ; 0            ; 0          ; |Calculator|OutputUnit:L6|BinaryToBCD:L1|add3:m2                           ; add3           ; work         ;
;          |add3:m3|                     ; 4 (4)               ; 0 (0)                     ; 0           ; 0          ; 0            ; 0       ; 0         ; 0    ; 0            ; 0          ; |Calculator|OutputUnit:L6|BinaryToBCD:L1|add3:m3                           ; add3           ; work         ;
;          |add3:m4|                     ; 4 (4)               ; 0 (0)                     ; 0           ; 0          ; 0            ; 0       ; 0         ; 0    ; 0            ; 0          ; |Calculator|OutputUnit:L6|BinaryToBCD:L1|add3:m4                           ; add3           ; work         ;
;          |add3:m5|                     ; 4 (4)               ; 0 (0)                     ; 0           ; 0          ; 0            ; 0       ; 0         ; 0    ; 0            ; 0          ; |Calculator|OutputUnit:L6|BinaryToBCD:L1|add3:m5                           ; add3           ; work         ;
;          |add3:m7|                     ; 10 (10)             ; 0 (0)                     ; 0           ; 0          ; 0            ; 0       ; 0         ; 0    ; 0            ; 0          ; |Calculator|OutputUnit:L6|BinaryToBCD:L1|add3:m7                           ; add3           ; work         ;
;       |Complement_O:L0|                ; 15 (15)             ; 0 (0)                     ; 0           ; 0          ; 0            ; 0       ; 0         ; 0    ; 0            ; 0          ; |Calculator|OutputUnit:L6|Complement_O:L0                                  ; Complement_O   ; work         ;
;       |DecimalDisplay:hundredsDisplay| ; 7 (7)               ; 0 (0)                     ; 0           ; 0          ; 0            ; 0       ; 0         ; 0    ; 0            ; 0          ; |Calculator|OutputUnit:L6|DecimalDisplay:hundredsDisplay                   ; DecimalDisplay ; work         ;
;       |DecimalDisplay:onesDisplay|     ; 7 (7)               ; 0 (0)                     ; 0           ; 0          ; 0            ; 0       ; 0         ; 0    ; 0            ; 0          ; |Calculator|OutputUnit:L6|DecimalDisplay:onesDisplay                       ; DecimalDisplay ; work         ;
;       |DecimalDisplay:signDisplay|     ; 7 (7)               ; 0 (0)                     ; 0           ; 0          ; 0            ; 0       ; 0         ; 0    ; 0            ; 0          ; |Calculator|OutputUnit:L6|DecimalDisplay:signDisplay                       ; DecimalDisplay ; work         ;
;       |DecimalDisplay:tensDisplay|     ; 7 (7)               ; 0 (0)                     ; 0           ; 0          ; 0            ; 0       ; 0         ; 0    ; 0            ; 0          ; |Calculator|OutputUnit:L6|DecimalDisplay:tensDisplay                       ; DecimalDisplay ; work         ;
;       |SignPlace:L2|                   ; 5 (5)               ; 0 (0)                     ; 0           ; 0          ; 0            ; 0       ; 0         ; 0    ; 0            ; 0          ; |Calculator|OutputUnit:L6|SignPlace:L2                                     ; SignPlace      ; work         ;
;       |Switch:L3|                      ; 22 (22)             ; 0 (0)                     ; 0           ; 0          ; 0            ; 0       ; 0         ; 0    ; 0            ; 0          ; |Calculator|OutputUnit:L6|Switch:L3                                        ; Switch         ; work         ;
+----------------------------------------+---------------------+---------------------------+-------------+------------+--------------+---------+-----------+------+--------------+------------+----------------------------------------------------------------------------+----------------+--------------+
Note: For table entries with two numbers listed, the numbers in parentheses indicate the number of resources of the given type used by the specific entity alone. The numbers listed outside of parentheses indicate the total resources of the given type used by the specific entity and all of its sub-entities in the hierarchy.


Encoding Type:  One-Hot
+------------------------------------------------------------------------------------------------------------------------------------------------------------------------+
; State Machine - |Calculator|InputUnit:L3|keypad_base:L0|keypad_fsm:L1|state                                                                                            ;
+------------+------------+------------+------------+------------+------------+------------+------------+------------+------------+------------+------------+------------+
; Name       ; state.1011 ; state.1010 ; state.1001 ; state.1000 ; state.0111 ; state.0110 ; state.0101 ; state.0100 ; state.0011 ; state.0010 ; state.0001 ; state.0000 ;
+------------+------------+------------+------------+------------+------------+------------+------------+------------+------------+------------+------------+------------+
; state.0000 ; 0          ; 0          ; 0          ; 0          ; 0          ; 0          ; 0          ; 0          ; 0          ; 0          ; 0          ; 0          ;
; state.0001 ; 0          ; 0          ; 0          ; 0          ; 0          ; 0          ; 0          ; 0          ; 0          ; 0          ; 1          ; 1          ;
; state.0010 ; 0          ; 0          ; 0          ; 0          ; 0          ; 0          ; 0          ; 0          ; 0          ; 1          ; 0          ; 1          ;
; state.0011 ; 0          ; 0          ; 0          ; 0          ; 0          ; 0          ; 0          ; 0          ; 1          ; 0          ; 0          ; 1          ;
; state.0100 ; 0          ; 0          ; 0          ; 0          ; 0          ; 0          ; 0          ; 1          ; 0          ; 0          ; 0          ; 1          ;
; state.0101 ; 0          ; 0          ; 0          ; 0          ; 0          ; 0          ; 1          ; 0          ; 0          ; 0          ; 0          ; 1          ;
; state.0110 ; 0          ; 0          ; 0          ; 0          ; 0          ; 1          ; 0          ; 0          ; 0          ; 0          ; 0          ; 1          ;
; state.0111 ; 0          ; 0          ; 0          ; 0          ; 1          ; 0          ; 0          ; 0          ; 0          ; 0          ; 0          ; 1          ;
; state.1000 ; 0          ; 0          ; 0          ; 1          ; 0          ; 0          ; 0          ; 0          ; 0          ; 0          ; 0          ; 1          ;
; state.1001 ; 0          ; 0          ; 1          ; 0          ; 0          ; 0          ; 0          ; 0          ; 0          ; 0          ; 0          ; 1          ;
; state.1010 ; 0          ; 1          ; 0          ; 0          ; 0          ; 0          ; 0          ; 0          ; 0          ; 0          ; 0          ; 1          ;
; state.1011 ; 1          ; 0          ; 0          ; 0          ; 0          ; 0          ; 0          ; 0          ; 0          ; 0          ; 0          ; 1          ;
+------------+------------+------------+------------+------------+------------+------------+------------+------------+------------+------------+------------+------------+


+--------------------------------------------------------------------------------------------------+
; Registers Removed During Synthesis                                                               ;
+----------------------------------------------------+---------------------------------------------+
; Register name                                      ; Reason for Removal                          ;
+----------------------------------------------------+---------------------------------------------+
; InputUnit:L3|shift_reg:LL1|first                   ; Merged with InputUnit:L3|shift_reg:L1|first ;
; InputUnit:L3|keypad_base:L0|keypad_fsm:L1|state~13 ; Lost fanout                                 ;
; InputUnit:L3|keypad_base:L0|keypad_fsm:L1|state~14 ; Lost fanout                                 ;
; InputUnit:L3|keypad_base:L0|keypad_fsm:L1|state~15 ; Lost fanout                                 ;
; InputUnit:L3|keypad_base:L0|keypad_fsm:L1|state~16 ; Lost fanout                                 ;
; Total Number of Removed Registers = 5              ;                                             ;
+----------------------------------------------------+---------------------------------------------+


+------------------------------------------------------+
; General Register Statistics                          ;
+----------------------------------------------+-------+
; Statistic                                    ; Value ;
+----------------------------------------------+-------+
; Total registers                              ; 114   ;
; Number of registers using Synchronous Clear  ; 0     ;
; Number of registers using Synchronous Load   ; 0     ;
; Number of registers using Asynchronous Clear ; 59    ;
; Number of registers using Asynchronous Load  ; 0     ;
; Number of registers using Clock Enable       ; 33    ;
; Number of registers using Preset             ; 0     ;
+----------------------------------------------+-------+


+---------------------------------------------------+
; Inverted Register Statistics                      ;
+-----------------------------------------+---------+
; Inverted Register                       ; Fan out ;
+-----------------------------------------+---------+
; InputUnit:L3|shift_reg:LL1|out[12]      ; 1       ;
; InputUnit:L3|shift_reg:LL1|out[13]      ; 1       ;
; InputUnit:L3|shift_reg:LL1|out[14]      ; 1       ;
; InputUnit:L3|shift_reg:LL1|out[15]      ; 1       ;
; InputUnit:L3|shift_reg:LL1|out[8]       ; 2       ;
; InputUnit:L3|shift_reg:LL1|out[9]       ; 2       ;
; InputUnit:L3|shift_reg:LL1|out[10]      ; 2       ;
; InputUnit:L3|shift_reg:LL1|out[11]      ; 2       ;
; InputUnit:L3|shift_reg:LL1|out[4]       ; 2       ;
; InputUnit:L3|shift_reg:LL1|out[5]       ; 2       ;
; InputUnit:L3|shift_reg:LL1|out[6]       ; 2       ;
; InputUnit:L3|shift_reg:LL1|out[7]       ; 2       ;
; InputUnit:L3|shift_reg:LL1|out[0]       ; 2       ;
; InputUnit:L3|shift_reg:LL1|out[1]       ; 2       ;
; InputUnit:L3|shift_reg:LL1|out[2]       ; 2       ;
; InputUnit:L3|shift_reg:LL1|out[3]       ; 2       ;
; InputUnit:L3|shift_reg:L1|first         ; 1       ;
; Total number of inverted registers = 17 ;         ;
+-----------------------------------------+---------+


+--------------------------------------------------------------------------------------------------------------------------------------------------------------------+
; Multiplexer Restructuring Statistics (Restructuring Performed)                                                                                                     ;
+--------------------+-----------+---------------+----------------------+------------------------+------------+------------------------------------------------------+
; Multiplexer Inputs ; Bus Width ; Baseline Area ; Area if Restructured ; Saving if Restructured ; Registered ; Example Multiplexer Output                           ;
+--------------------+-----------+---------------+----------------------+------------------------+------------+------------------------------------------------------+
; 3:1                ; 3 bits    ; 6 LEs         ; 6 LEs                ; 0 LEs                  ; No         ; |Calculator|OutputUnit:L6|Switch:L3|BCD[5]           ;
; 6:1                ; 4 bits    ; 16 LEs        ; 16 LEs               ; 0 LEs                  ; No         ; |Calculator|InputUnit:L3|BCD2BinarySM:L2|binarySM[6] ;
; 6:1                ; 3 bits    ; 12 LEs        ; 9 LEs                ; 3 LEs                  ; No         ; |Calculator|InputUnit:L3|BCD2BinarySM:L2|binarySM[3] ;
+--------------------+-----------+---------------+----------------------+------------------------+------------+------------------------------------------------------+


+---------------------------------------------------------------------------------------+
; Parameter Settings for User Entity Instance: InputUnit:L3|keypad_base:L0|clock_div:L0 ;
+----------------+-------+--------------------------------------------------------------+
; Parameter Name ; Value ; Type                                                         ;
+----------------+-------+--------------------------------------------------------------+
; WIDTH          ; 32    ; Signed Integer                                               ;
; DIV            ; 10000 ; Signed Integer                                               ;
+----------------+-------+--------------------------------------------------------------+
Note: In order to hide this table in the UI and the text report file, please set the "Show Parameter Settings in Synthesis Report" option in "Analysis and Synthesis Settings -> More Settings" to "Off".


+------------------------------------------------------------------------+
; Parameter Settings for User Entity Instance: InputUnit:L3|shift_reg:L1 ;
+----------------+------------------+------------------------------------+
; Parameter Name ; Value            ; Type                               ;
+----------------+------------------+------------------------------------+
; COUNT          ; 4                ; Signed Integer                     ;
; WIDTH          ; 4                ; Signed Integer                     ;
; START          ; 0000000000000000 ; Unsigned Binary                    ;
+----------------+------------------+------------------------------------+
Note: In order to hide this table in the UI and the text report file, please set the "Show Parameter Settings in Synthesis Report" option in "Analysis and Synthesis Settings -> More Settings" to "Off".


+-------------------------------------------------------------------------+
; Parameter Settings for User Entity Instance: InputUnit:L3|shift_reg:LL1 ;
+----------------+------------------+-------------------------------------+
; Parameter Name ; Value            ; Type                                ;
+----------------+------------------+-------------------------------------+
; COUNT          ; 4                ; Signed Integer                      ;
; WIDTH          ; 4                ; Signed Integer                      ;
; START          ; 1111111111111111 ; Unsigned Binary                     ;
+----------------+------------------+-------------------------------------+
Note: In order to hide this table in the UI and the text report file, please set the "Show Parameter Settings in Synthesis Report" option in "Analysis and Synthesis Settings -> More Settings" to "Off".


+----------------------------------------------------------------+
; Parameter Settings for User Entity Instance: ArithmeticUnit:L5 ;
+----------------+-------+---------------------------------------+
; Parameter Name ; Value ; Type                                  ;
+----------------+-------+---------------------------------------+
; N              ; 8     ; Signed Integer                        ;
+----------------+-------+---------------------------------------+
Note: In order to hide this table in the UI and the text report file, please set the "Show Parameter Settings in Synthesis Report" option in "Analysis and Synthesis Settings -> More Settings" to "Off".


+------------------------------------------------------------------------------------+
; Parameter Settings for User Entity Instance: ArithmeticUnit:L5|RegisterN:registerA ;
+----------------+-------+-----------------------------------------------------------+
; Parameter Name ; Value ; Type                                                      ;
+----------------+-------+-----------------------------------------------------------+
; N              ; 8     ; Signed Integer                                            ;
+----------------+-------+-----------------------------------------------------------+
Note: In order to hide this table in the UI and the text report file, please set the "Show Parameter Settings in Synthesis Report" option in "Analysis and Synthesis Settings -> More Settings" to "Off".


+------------------------------------------------------------------------------------+
; Parameter Settings for User Entity Instance: ArithmeticUnit:L5|RegisterN:registerB ;
+----------------+-------+-----------------------------------------------------------+
; Parameter Name ; Value ; Type                                                      ;
+----------------+-------+-----------------------------------------------------------+
; N              ; 8     ; Signed Integer                                            ;
+----------------+-------+-----------------------------------------------------------+
Note: In order to hide this table in the UI and the text report file, please set the "Show Parameter Settings in Synthesis Report" option in "Analysis and Synthesis Settings -> More Settings" to "Off".


+-----------------------------------------------------------------------------------+
; Parameter Settings for User Entity Instance: ArithmeticUnit:L5|AdderSub:AdderSub0 ;
+----------------+-------+----------------------------------------------------------+
; Parameter Name ; Value ; Type                                                     ;
+----------------+-------+----------------------------------------------------------+
; N              ; 8     ; Signed Integer                                           ;
+----------------+-------+----------------------------------------------------------+
Note: In order to hide this table in the UI and the text report file, please set the "Show Parameter Settings in Synthesis Report" option in "Analysis and Synthesis Settings -> More Settings" to "Off".


+------------------------------------------------------------------------------------+
; Parameter Settings for User Entity Instance: ArithmeticUnit:L5|RegisterN:registerR ;
+----------------+-------+-----------------------------------------------------------+
; Parameter Name ; Value ; Type                                                      ;
+----------------+-------+-----------------------------------------------------------+
; N              ; 8     ; Signed Integer                                            ;
+----------------+-------+-----------------------------------------------------------+
Note: In order to hide this table in the UI and the text report file, please set the "Show Parameter Settings in Synthesis Report" option in "Analysis and Synthesis Settings -> More Settings" to "Off".


+----------------------------------------------------------------------------------------------+
; Parameter Settings for Inferred Entity Instance: InputUnit:L3|BCD2BinarySM:L2|lpm_mult:Mult0 ;
+------------------------------------------------+----------+----------------------------------+
; Parameter Name                                 ; Value    ; Type                             ;
+------------------------------------------------+----------+----------------------------------+
; AUTO_CARRY_CHAINS                              ; ON       ; AUTO_CARRY                       ;
; IGNORE_CARRY_BUFFERS                           ; OFF      ; IGNORE_CARRY                     ;
; AUTO_CASCADE_CHAINS                            ; ON       ; AUTO_CASCADE                     ;
; IGNORE_CASCADE_BUFFERS                         ; OFF      ; IGNORE_CASCADE                   ;
; LPM_WIDTHA                                     ; 4        ; Untyped                          ;
; LPM_WIDTHB                                     ; 7        ; Untyped                          ;
; LPM_WIDTHP                                     ; 11       ; Untyped                          ;
; LPM_WIDTHR                                     ; 11       ; Untyped                          ;
; LPM_WIDTHS                                     ; 1        ; Untyped                          ;
; LPM_REPRESENTATION                             ; UNSIGNED ; Untyped                          ;
; LPM_PIPELINE                                   ; 0        ; Untyped                          ;
; LATENCY                                        ; 0        ; Untyped                          ;
; INPUT_A_IS_CONSTANT                            ; NO       ; Untyped                          ;
; INPUT_B_IS_CONSTANT                            ; YES      ; Untyped                          ;
; USE_EAB                                        ; OFF      ; Untyped                          ;
; MAXIMIZE_SPEED                                 ; 5        ; Untyped                          ;
; DEVICE_FAMILY                                  ; MAX 10   ; Untyped                          ;
; CARRY_CHAIN                                    ; MANUAL   ; Untyped                          ;
; APEX20K_TECHNOLOGY_MAPPER                      ; LUT      ; TECH_MAPPER_APEX20K              ;
; DEDICATED_MULTIPLIER_CIRCUITRY                 ; AUTO     ; Untyped                          ;
; DEDICATED_MULTIPLIER_MIN_INPUT_WIDTH_FOR_AUTO  ; 0        ; Untyped                          ;
; DEDICATED_MULTIPLIER_MIN_OUTPUT_WIDTH_FOR_AUTO ; 0        ; Untyped                          ;
; CBXI_PARAMETER                                 ; NOTHING  ; Untyped                          ;
; INPUT_A_FIXED_VALUE                            ; Bx       ; Untyped                          ;
; INPUT_B_FIXED_VALUE                            ; Bx       ; Untyped                          ;
; USE_AHDL_IMPLEMENTATION                        ; OFF      ; Untyped                          ;
+------------------------------------------------+----------+----------------------------------+
Note: In order to hide this table in the UI and the text report file, please set the "Show Parameter Settings in Synthesis Report" option in "Analysis and Synthesis Settings -> More Settings" to "Off".


+-------------------------------------------------------------------------------------+
; lpm_mult Parameter Settings by Entity Instance                                      ;
+---------------------------------------+---------------------------------------------+
; Name                                  ; Value                                       ;
+---------------------------------------+---------------------------------------------+
; Number of entity instances            ; 1                                           ;
; Entity Instance                       ; InputUnit:L3|BCD2BinarySM:L2|lpm_mult:Mult0 ;
;     -- LPM_WIDTHA                     ; 4                                           ;
;     -- LPM_WIDTHB                     ; 7                                           ;
;     -- LPM_WIDTHP                     ; 11                                          ;
;     -- LPM_REPRESENTATION             ; UNSIGNED                                    ;
;     -- INPUT_A_IS_CONSTANT            ; NO                                          ;
;     -- INPUT_B_IS_CONSTANT            ; YES                                         ;
;     -- USE_EAB                        ; OFF                                         ;
;     -- DEDICATED_MULTIPLIER_CIRCUITRY ; AUTO                                        ;
;     -- INPUT_A_FIXED_VALUE            ; Bx                                          ;
;     -- INPUT_B_FIXED_VALUE            ; Bx                                          ;
+---------------------------------------+---------------------------------------------+


+------------------------------------------------------------------+
; Port Connectivity Checks: "OutputUnit:L6|BinaryToBCD:L1|add3:m6" ;
+-------+-------+----------+---------------------------------------+
; Port  ; Type  ; Severity ; Details                               ;
+-------+-------+----------+---------------------------------------+
; in[3] ; Input ; Info     ; Stuck at GND                          ;
+-------+-------+----------+---------------------------------------+


+------------------------------------------------------------------+
; Port Connectivity Checks: "OutputUnit:L6|BinaryToBCD:L1|add3:m1" ;
+-------+-------+----------+---------------------------------------+
; Port  ; Type  ; Severity ; Details                               ;
+-------+-------+----------+---------------------------------------+
; in[3] ; Input ; Info     ; Stuck at GND                          ;
+-------+-------+----------+---------------------------------------+


+------------------------------------------------------------------------------------------------------------------------------------------------------------------------+
; Port Connectivity Checks: "InputUnit:L3|shift_reg:LL1"                                                                                                                 ;
+------+-------+----------+----------------------------------------------------------------------------------------------------------------------------------------------+
; Port ; Type  ; Severity ; Details                                                                                                                                      ;
+------+-------+----------+----------------------------------------------------------------------------------------------------------------------------------------------+
; dir  ; Input ; Warning  ; Declared by entity but not connected by instance. If a default value exists, it will be used.  Otherwise, the port will be connected to GND. ;
+------+-------+----------+----------------------------------------------------------------------------------------------------------------------------------------------+


+------------------------------------------------------------------------------------------------------------------------------------------------------------------------+
; Port Connectivity Checks: "InputUnit:L3|shift_reg:L1"                                                                                                                  ;
+------+-------+----------+----------------------------------------------------------------------------------------------------------------------------------------------+
; Port ; Type  ; Severity ; Details                                                                                                                                      ;
+------+-------+----------+----------------------------------------------------------------------------------------------------------------------------------------------+
; dir  ; Input ; Warning  ; Declared by entity but not connected by instance. If a default value exists, it will be used.  Otherwise, the port will be connected to GND. ;
+------+-------+----------+----------------------------------------------------------------------------------------------------------------------------------------------+


+-------------------------------------------------------------------------------------------------------------------------------------------------------------------------+
; Port Connectivity Checks: "InputUnit:L3|keypad_base:L0|clock_div:L0"                                                                                                    ;
+-------+-------+----------+----------------------------------------------------------------------------------------------------------------------------------------------+
; Port  ; Type  ; Severity ; Details                                                                                                                                      ;
+-------+-------+----------+----------------------------------------------------------------------------------------------------------------------------------------------+
; reset ; Input ; Warning  ; Declared by entity but not connected by instance. If a default value exists, it will be used.  Otherwise, the port will be connected to GND. ;
+-------+-------+----------+----------------------------------------------------------------------------------------------------------------------------------------------+


+-------------------------------------------------------------------------------------------------------------------------------------------------------------------------+
; Port Connectivity Checks: "InputUnit:L3"                                                                                                                                ;
+------+--------+----------+----------------------------------------------------------------------------------------------------------------------------------------------+
; Port ; Type   ; Severity ; Details                                                                                                                                      ;
+------+--------+----------+----------------------------------------------------------------------------------------------------------------------------------------------+
; led  ; Output ; Warning  ; Output or bidir port (9 bits) is wider than the port expression (8 bits) it drives; bit(s) "led[8..8]" have no fanouts                       ;
; load ; Input  ; Warning  ; Declared by entity but not connected by instance. If a default value exists, it will be used.  Otherwise, the port will be connected to GND. ;
+------+--------+----------+----------------------------------------------------------------------------------------------------------------------------------------------+


+------------------------------------------------------------------------------------------------------------------+
; Port Connectivity Checks: "ControlUnit:L0|Controller:L1"                                                         ;
+--------+--------+----------+-------------------------------------------------------------------------------------+
; Port   ; Type   ; Severity ; Details                                                                             ;
+--------+--------+----------+-------------------------------------------------------------------------------------+
; CAT[1] ; Output ; Info     ; Connected to dangling logic. Logic that only feeds a dangling port will be removed. ;
+--------+--------+----------+-------------------------------------------------------------------------------------+


+-----------------------------------------------------+
; Post-Synthesis Netlist Statistics for Top Partition ;
+-----------------------+-----------------------------+
; Type                  ; Count                       ;
+-----------------------+-----------------------------+
; boundary_port         ; 49                          ;
; cycloneiii_ff         ; 114                         ;
;     CLR               ; 26                          ;
;     ENA CLR           ; 33                          ;
;     plain             ; 55                          ;
; cycloneiii_lcell_comb ; 336                         ;
;     arith             ; 73                          ;
;         2 data inputs ; 47                          ;
;         3 data inputs ; 26                          ;
;     normal            ; 263                         ;
;         1 data inputs ; 13                          ;
;         2 data inputs ; 42                          ;
;         3 data inputs ; 40                          ;
;         4 data inputs ; 168                         ;
;                       ;                             ;
; Max LUT depth         ; 13.70                       ;
; Average LUT depth     ; 7.37                        ;
+-----------------------+-----------------------------+


+-------------------------------+
; Elapsed Time Per Partition    ;
+----------------+--------------+
; Partition Name ; Elapsed Time ;
+----------------+--------------+
; Top            ; 00:00:00     ;
+----------------+--------------+


+-------------------------------+
; Analysis & Synthesis Messages ;
+-------------------------------+
Info: *******************************************************************
Info: Running Quartus Prime Analysis & Synthesis
    Info: Version 20.1.1 Build 720 11/11/2020 SJ Lite Edition
    Info: Processing started: Sat Mar 11 15:25:31 2023
Info: Command: quartus_map --read_settings_files=on --write_settings_files=off Calculator -c Calculator
Warning (18236): Number of processors has not been specified which may cause overloading on shared machines.  Set the global assignment NUM_PARALLEL_PROCESSORS in your QSF to an appropriate value for best performance.
Info (20030): Parallel compilation is enabled and will use 16 of the 16 processors detected
Info (12021): Found 1 design units, including 1 entities, in source file calculator.v
    Info (12023): Found entity 1: Calculator File: C:/Users/mannn/Documents/Github/Calculator/Calculator/Calculator.v Line: 1
Info (12021): Found 1 design units, including 1 entities, in source file delay.v
    Info (12023): Found entity 1: Delay File: C:/Users/mannn/Documents/Github/Calculator/Calculator/Delay.v Line: 1
Info (12021): Found 1 design units, including 1 entities, in source file controller.v
    Info (12023): Found entity 1: Controller File: C:/Users/mannn/Documents/Github/Calculator/Calculator/Controller.v Line: 2
Info (12021): Found 1 design units, including 1 entities, in source file outputunit/switch.v
    Info (12023): Found entity 1: Switch File: C:/Users/mannn/Documents/Github/Calculator/Calculator/OutputUnit/Switch.v Line: 1
Info (12021): Found 1 design units, including 1 entities, in source file outputunit/signplace.v
    Info (12023): Found entity 1: SignPlace File: C:/Users/mannn/Documents/Github/Calculator/Calculator/OutputUnit/SignPlace.v Line: 1
Info (12021): Found 1 design units, including 1 entities, in source file outputunit/outputunit.v
    Info (12023): Found entity 1: OutputUnit File: C:/Users/mannn/Documents/Github/Calculator/Calculator/OutputUnit/OutputUnit.v Line: 1
Info (12021): Found 1 design units, including 1 entities, in source file outputunit/decimaldisplay.v
    Info (12023): Found entity 1: DecimalDisplay File: C:/Users/mannn/Documents/Github/Calculator/Calculator/OutputUnit/DecimalDisplay.v Line: 2
Info (12021): Found 1 design units, including 1 entities, in source file outputunit/complement_o.v
    Info (12023): Found entity 1: Complement_O File: C:/Users/mannn/Documents/Github/Calculator/Calculator/OutputUnit/Complement_O.v Line: 1
Info (12021): Found 2 design units, including 2 entities, in source file outputunit/binarytobcd.v
    Info (12023): Found entity 1: add3 File: C:/Users/mannn/Documents/Github/Calculator/Calculator/OutputUnit/BinaryToBCD.v Line: 1
    Info (12023): Found entity 2: BinaryToBCD File: C:/Users/mannn/Documents/Github/Calculator/Calculator/OutputUnit/BinaryToBCD.v Line: 25
Info (12021): Found 1 design units, including 1 entities, in source file inputunit/shift_reg.v
    Info (12023): Found entity 1: shift_reg File: C:/Users/mannn/Documents/Github/Calculator/Calculator/InputUnit/shift_reg.v Line: 1
Info (12021): Found 1 design units, including 1 entities, in source file inputunit/registern.v
    Info (12023): Found entity 1: RegisterN File: C:/Users/mannn/Documents/Github/Calculator/Calculator/InputUnit/RegisterN.v Line: 1
Info (12021): Found 1 design units, including 1 entities, in source file inputunit/keypad_fsm.v
    Info (12023): Found entity 1: keypad_fsm File: C:/Users/mannn/Documents/Github/Calculator/Calculator/InputUnit/keypad_fsm.v Line: 1
Info (12021): Found 1 design units, including 1 entities, in source file inputunit/keypad_decoder.v
    Info (12023): Found entity 1: keypad_decoder File: C:/Users/mannn/Documents/Github/Calculator/Calculator/InputUnit/keypad_decoder.v Line: 1
Info (12021): Found 1 design units, including 1 entities, in source file inputunit/keypad_base.v
    Info (12023): Found entity 1: keypad_base File: C:/Users/mannn/Documents/Github/Calculator/Calculator/InputUnit/keypad_base.v Line: 1
Info (12021): Found 1 design units, including 1 entities, in source file inputunit/inputunit.v
    Info (12023): Found entity 1: InputUnit File: C:/Users/mannn/Documents/Github/Calculator/Calculator/InputUnit/InputUnit.v Line: 1
Info (12021): Found 1 design units, including 1 entities, in source file inputunit/complement_i.v
    Info (12023): Found entity 1: Complement_I File: C:/Users/mannn/Documents/Github/Calculator/Calculator/InputUnit/Complement_I.v Line: 1
Info (12021): Found 1 design units, including 1 entities, in source file inputunit/clock_div.v
    Info (12023): Found entity 1: clock_div File: C:/Users/mannn/Documents/Github/Calculator/Calculator/InputUnit/clock_div.v Line: 1
Info (12021): Found 1 design units, including 1 entities, in source file inputunit/checkvalue.v
    Info (12023): Found entity 1: CheckValue File: C:/Users/mannn/Documents/Github/Calculator/Calculator/InputUnit/CheckValue.v Line: 1
Info (12021): Found 1 design units, including 1 entities, in source file inputunit/bcd2binarysm.v
    Info (12023): Found entity 1: BCD2BinarySM File: C:/Users/mannn/Documents/Github/Calculator/Calculator/InputUnit/BCD2BinarySM.v Line: 1
Info (15248): File "C:/Users/mannn/Documents/Github/Calculator/Calculator/ArithmeticUnit/RegisterN.v" is a duplicate of already analyzed file "C:/Users/mannn/Documents/Github/Calculator/Calculator/InputUnit/RegisterN.v" (same filename, same library name and same md5 digest). Skipping analysis of this file.
Info (12021): Found 0 design units, including 0 entities, in source file arithmeticunit/registern.v
Info (12021): Found 1 design units, including 1 entities, in source file arithmeticunit/arithmeticunit.v
    Info (12023): Found entity 1: ArithmeticUnit File: C:/Users/mannn/Documents/Github/Calculator/Calculator/ArithmeticUnit/ArithmeticUnit.v Line: 1
Info (12021): Found 2 design units, including 2 entities, in source file arithmeticunit/addersub.v
    Info (12023): Found entity 1: FullAdder File: C:/Users/mannn/Documents/Github/Calculator/Calculator/ArithmeticUnit/AdderSub.v Line: 2
    Info (12023): Found entity 2: AdderSub File: C:/Users/mannn/Documents/Github/Calculator/Calculator/ArithmeticUnit/AdderSub.v Line: 13
Info (12021): Found 1 design units, including 1 entities, in source file controlunit.v
    Info (12023): Found entity 1: ControlUnit File: C:/Users/mannn/Documents/Github/Calculator/Calculator/ControlUnit.v Line: 1
Info (12127): Elaborating entity "Calculator" for the top level hierarchy
Info (12128): Elaborating entity "ControlUnit" for hierarchy "ControlUnit:L0" File: C:/Users/mannn/Documents/Github/Calculator/Calculator/Calculator.v Line: 28
Info (12128): Elaborating entity "Delay" for hierarchy "ControlUnit:L0|Delay:L0" File: C:/Users/mannn/Documents/Github/Calculator/Calculator/ControlUnit.v Line: 19
Info (12128): Elaborating entity "Controller" for hierarchy "ControlUnit:L0|Controller:L1" File: C:/Users/mannn/Documents/Github/Calculator/Calculator/ControlUnit.v Line: 26
Info (12128): Elaborating entity "InputUnit" for hierarchy "InputUnit:L3" File: C:/Users/mannn/Documents/Github/Calculator/Calculator/Calculator.v Line: 38
Info (12128): Elaborating entity "keypad_base" for hierarchy "InputUnit:L3|keypad_base:L0" File: C:/Users/mannn/Documents/Github/Calculator/Calculator/InputUnit/InputUnit.v Line: 27
Info (12128): Elaborating entity "clock_div" for hierarchy "InputUnit:L3|keypad_base:L0|clock_div:L0" File: C:/Users/mannn/Documents/Github/Calculator/Calculator/InputUnit/keypad_base.v Line: 18
Info (12128): Elaborating entity "keypad_fsm" for hierarchy "InputUnit:L3|keypad_base:L0|keypad_fsm:L1" File: C:/Users/mannn/Documents/Github/Calculator/Calculator/InputUnit/keypad_base.v Line: 26
Info (12128): Elaborating entity "keypad_decoder" for hierarchy "InputUnit:L3|keypad_base:L0|keypad_decoder:L2" File: C:/Users/mannn/Documents/Github/Calculator/Calculator/InputUnit/keypad_base.v Line: 34
Info (12128): Elaborating entity "shift_reg" for hierarchy "InputUnit:L3|shift_reg:L1" File: C:/Users/mannn/Documents/Github/Calculator/Calculator/InputUnit/InputUnit.v Line: 35
Info (12128): Elaborating entity "shift_reg" for hierarchy "InputUnit:L3|shift_reg:LL1" File: C:/Users/mannn/Documents/Github/Calculator/Calculator/InputUnit/InputUnit.v Line: 43
Info (12128): Elaborating entity "BCD2BinarySM" for hierarchy "InputUnit:L3|BCD2BinarySM:L2" File: C:/Users/mannn/Documents/Github/Calculator/Calculator/InputUnit/InputUnit.v Line: 49
Info (12128): Elaborating entity "CheckValue" for hierarchy "InputUnit:L3|CheckValue:L3" File: C:/Users/mannn/Documents/Github/Calculator/Calculator/InputUnit/InputUnit.v Line: 55
Info (12128): Elaborating entity "Complement_I" for hierarchy "InputUnit:L3|Complement_I:L4" File: C:/Users/mannn/Documents/Github/Calculator/Calculator/InputUnit/InputUnit.v Line: 61
Info (12128): Elaborating entity "ArithmeticUnit" for hierarchy "ArithmeticUnit:L5" File: C:/Users/mannn/Documents/Github/Calculator/Calculator/Calculator.v Line: 50
Info (12128): Elaborating entity "RegisterN" for hierarchy "ArithmeticUnit:L5|RegisterN:registerA" File: C:/Users/mannn/Documents/Github/Calculator/Calculator/ArithmeticUnit/ArithmeticUnit.v Line: 26
Info (12128): Elaborating entity "AdderSub" for hierarchy "ArithmeticUnit:L5|AdderSub:AdderSub0" File: C:/Users/mannn/Documents/Github/Calculator/Calculator/ArithmeticUnit/ArithmeticUnit.v Line: 43
Info (12128): Elaborating entity "FullAdder" for hierarchy "ArithmeticUnit:L5|AdderSub:AdderSub0|FullAdder:Sini" File: C:/Users/mannn/Documents/Github/Calculator/Calculator/ArithmeticUnit/AdderSub.v Line: 25
Info (12128): Elaborating entity "OutputUnit" for hierarchy "OutputUnit:L6" File: C:/Users/mannn/Documents/Github/Calculator/Calculator/Calculator.v Line: 61
Info (12128): Elaborating entity "Complement_O" for hierarchy "OutputUnit:L6|Complement_O:L0" File: C:/Users/mannn/Documents/Github/Calculator/Calculator/OutputUnit/OutputUnit.v Line: 18
Info (12128): Elaborating entity "BinaryToBCD" for hierarchy "OutputUnit:L6|BinaryToBCD:L1" File: C:/Users/mannn/Documents/Github/Calculator/Calculator/OutputUnit/OutputUnit.v Line: 24
Info (12128): Elaborating entity "add3" for hierarchy "OutputUnit:L6|BinaryToBCD:L1|add3:m1" File: C:/Users/mannn/Documents/Github/Calculator/Calculator/OutputUnit/BinaryToBCD.v Line: 49
Info (12128): Elaborating entity "SignPlace" for hierarchy "OutputUnit:L6|SignPlace:L2" File: C:/Users/mannn/Documents/Github/Calculator/Calculator/OutputUnit/OutputUnit.v Line: 31
Info (12128): Elaborating entity "Switch" for hierarchy "OutputUnit:L6|Switch:L3" File: C:/Users/mannn/Documents/Github/Calculator/Calculator/OutputUnit/OutputUnit.v Line: 39
Info (12128): Elaborating entity "DecimalDisplay" for hierarchy "OutputUnit:L6|DecimalDisplay:onesDisplay" File: C:/Users/mannn/Documents/Github/Calculator/Calculator/OutputUnit/OutputUnit.v Line: 46
Warning (19016): Clock multiplexers are found and protected
    Warning (19017): Found clock multiplexer InputUnit:L3|keypad_base:L0|keypad_decoder:L2|WideOr4~0 File: C:/Users/mannn/Documents/Github/Calculator/Calculator/InputUnit/keypad_decoder.v Line: 14
Info (278001): Inferred 1 megafunctions from design logic
    Info (278003): Inferred multiplier megafunction ("lpm_mult") from the following logic: "InputUnit:L3|BCD2BinarySM:L2|Mult0" File: C:/Users/mannn/Documents/Github/Calculator/Calculator/InputUnit/BCD2BinarySM.v Line: 23
Info (12130): Elaborated megafunction instantiation "InputUnit:L3|BCD2BinarySM:L2|lpm_mult:Mult0" File: C:/Users/mannn/Documents/Github/Calculator/Calculator/InputUnit/BCD2BinarySM.v Line: 23
Info (12133): Instantiated megafunction "InputUnit:L3|BCD2BinarySM:L2|lpm_mult:Mult0" with the following parameter: File: C:/Users/mannn/Documents/Github/Calculator/Calculator/InputUnit/BCD2BinarySM.v Line: 23
    Info (12134): Parameter "LPM_WIDTHA" = "4"
    Info (12134): Parameter "LPM_WIDTHB" = "7"
    Info (12134): Parameter "LPM_WIDTHP" = "11"
    Info (12134): Parameter "LPM_WIDTHR" = "11"
    Info (12134): Parameter "LPM_WIDTHS" = "1"
    Info (12134): Parameter "LPM_REPRESENTATION" = "UNSIGNED"
    Info (12134): Parameter "INPUT_A_IS_CONSTANT" = "NO"
    Info (12134): Parameter "INPUT_B_IS_CONSTANT" = "YES"
    Info (12134): Parameter "MAXIMIZE_SPEED" = "5"
Info (12131): Elaborated megafunction instantiation "InputUnit:L3|BCD2BinarySM:L2|lpm_mult:Mult0|multcore:mult_core", which is child of megafunction instantiation "InputUnit:L3|BCD2BinarySM:L2|lpm_mult:Mult0" File: c:/intelfpga_lite/20.1/quartus/libraries/megafunctions/lpm_mult.tdf Line: 309
Info (12131): Elaborated megafunction instantiation "InputUnit:L3|BCD2BinarySM:L2|lpm_mult:Mult0|multcore:mult_core|mpar_add:padder", which is child of megafunction instantiation "InputUnit:L3|BCD2BinarySM:L2|lpm_mult:Mult0" File: c:/intelfpga_lite/20.1/quartus/libraries/megafunctions/multcore.tdf Line: 229
Info (12131): Elaborated megafunction instantiation "InputUnit:L3|BCD2BinarySM:L2|lpm_mult:Mult0|altshift:external_latency_ffs", which is child of megafunction instantiation "InputUnit:L3|BCD2BinarySM:L2|lpm_mult:Mult0" File: c:/intelfpga_lite/20.1/quartus/libraries/megafunctions/lpm_mult.tdf Line: 352
Warning (12241): 4 hierarchies have connectivity warnings - see the Connectivity Checks report folder
Info (13000): Registers with preset signals will power-up high File: C:/Users/mannn/Documents/Github/Calculator/Calculator/InputUnit/shift_reg.v Line: 20
Info (13003): DEV_CLRn pin will set, and not reset, register with preset signal due to NOT Gate Push-Back
Info (286030): Timing-Driven Synthesis is running
Info (17049): 4 registers lost all their fanouts during netlist optimizations.
Info (16010): Generating hard_block partition "hard_block:auto_generated_inst"
    Info (16011): Adding 0 node(s), including 0 DDIO, 0 PLL, 0 transceiver and 0 LCELL
Info (21057): Implemented 462 device resources after synthesis - the final resource count might be different
    Info (21058): Implemented 8 input pins
    Info (21059): Implemented 41 output pins
    Info (21061): Implemented 413 logic cells
Info: Quartus Prime Analysis & Synthesis was successful. 0 errors, 4 warnings
    Info: Peak virtual memory: 4840 megabytes
    Info: Processing ended: Sat Mar 11 15:25:37 2023
    Info: Elapsed time: 00:00:06
    Info: Total CPU time (on all processors): 00:00:14


