------------------------------------------------------------
Timing Analyzer Summary
------------------------------------------------------------

Type  : Slow 1200mV 85C Model Setup 'ControlUnit:L0|Controller:L1|state[1]'
Slack : -12.781
TNS   : -94.103

Type  : Slow 1200mV 85C Model Setup 'ControlUnit:L0|Controller:L1|state[0]'
Slack : -12.777
TNS   : -94.417

Type  : Slow 1200mV 85C Model Setup 'clk'
Slack : -6.750
TNS   : -91.667

Type  : Slow 1200mV 85C Model Setup 'row[0]'
Slack : -4.850
TNS   : -158.296

Type  : Slow 1200mV 85C Model Setup 'ControlUnit:L0|Delay:L3|btnState[0]'
Slack : -3.111
TNS   : -17.585

Type  : Slow 1200mV 85C Model Setup 'ControlUnit:L0|Delay:L0|btnState[0]'
Slack : -2.039
TNS   : -3.505

Type  : Slow 1200mV 85C Model Setup 'InputUnit:L3|keypad_base:L0|clock_div:L0|clk_track'
Slack : -1.890
TNS   : -13.032

Type  : Slow 1200mV 85C Model Hold 'row[0]'
Slack : -0.916
TNS   : -16.508

Type  : Slow 1200mV 85C Model Hold 'InputUnit:L3|keypad_base:L0|clock_div:L0|clk_track'
Slack : 0.378
TNS   : 0.000

Type  : Slow 1200mV 85C Model Hold 'clk'
Slack : 0.441
TNS   : 0.000

Type  : Slow 1200mV 85C Model Hold 'ControlUnit:L0|Delay:L0|btnState[0]'
Slack : 1.041
TNS   : 0.000

Type  : Slow 1200mV 85C Model Hold 'ControlUnit:L0|Delay:L3|btnState[0]'
Slack : 1.125
TNS   : 0.000

Type  : Slow 1200mV 85C Model Hold 'ControlUnit:L0|Controller:L1|state[1]'
Slack : 5.255
TNS   : 0.000

Type  : Slow 1200mV 85C Model Hold 'ControlUnit:L0|Controller:L1|state[0]'
Slack : 5.494
TNS   : 0.000

Type  : Slow 1200mV 85C Model Recovery 'row[0]'
Slack : -1.912
TNS   : -56.459

Type  : Slow 1200mV 85C Model Removal 'row[0]'
Slack : 0.097
TNS   : 0.000

Type  : Slow 1200mV 85C Model Minimum Pulse Width 'row[0]'
Slack : -3.000
TNS   : -211.388

Type  : Slow 1200mV 85C Model Minimum Pulse Width 'clk'
Slack : -3.000
TNS   : -57.717

Type  : Slow 1200mV 85C Model Minimum Pulse Width 'ControlUnit:L0|Controller:L1|state[0]'
Slack : -1.403
TNS   : -11.224

Type  : Slow 1200mV 85C Model Minimum Pulse Width 'ControlUnit:L0|Controller:L1|state[1]'
Slack : -1.403
TNS   : -11.224

Type  : Slow 1200mV 85C Model Minimum Pulse Width 'ControlUnit:L0|Delay:L3|btnState[0]'
Slack : -1.403
TNS   : -11.224

Type  : Slow 1200mV 85C Model Minimum Pulse Width 'InputUnit:L3|keypad_base:L0|clock_div:L0|clk_track'
Slack : -1.403
TNS   : -11.224

Type  : Slow 1200mV 85C Model Minimum Pulse Width 'ControlUnit:L0|Delay:L0|btnState[0]'
Slack : -1.403
TNS   : -2.806

Type  : Slow 1200mV 0C Model Setup 'ControlUnit:L0|Controller:L1|state[0]'
Slack : -11.738
TNS   : -86.803

Type  : Slow 1200mV 0C Model Setup 'ControlUnit:L0|Controller:L1|state[1]'
Slack : -11.738
TNS   : -86.469

Type  : Slow 1200mV 0C Model Setup 'clk'
Slack : -6.080
TNS   : -79.369

Type  : Slow 1200mV 0C Model Setup 'row[0]'
Slack : -4.555
TNS   : -148.805

Type  : Slow 1200mV 0C Model Setup 'ControlUnit:L0|Delay:L3|btnState[0]'
Slack : -2.818
TNS   : -15.926

Type  : Slow 1200mV 0C Model Setup 'ControlUnit:L0|Delay:L0|btnState[0]'
Slack : -1.966
TNS   : -3.415

Type  : Slow 1200mV 0C Model Setup 'InputUnit:L3|keypad_base:L0|clock_div:L0|clk_track'
Slack : -1.668
TNS   : -11.450

Type  : Slow 1200mV 0C Model Hold 'row[0]'
Slack : -0.772
TNS   : -15.939

Type  : Slow 1200mV 0C Model Hold 'InputUnit:L3|keypad_base:L0|clock_div:L0|clk_track'
Slack : 0.339
TNS   : 0.000

Type  : Slow 1200mV 0C Model Hold 'clk'
Slack : 0.409
TNS   : 0.000

Type  : Slow 1200mV 0C Model Hold 'ControlUnit:L0|Delay:L0|btnState[0]'
Slack : 0.921
TNS   : 0.000

Type  : Slow 1200mV 0C Model Hold 'ControlUnit:L0|Delay:L3|btnState[0]'
Slack : 1.104
TNS   : 0.000

Type  : Slow 1200mV 0C Model Hold 'ControlUnit:L0|Controller:L1|state[1]'
Slack : 4.867
TNS   : 0.000

Type  : Slow 1200mV 0C Model Hold 'ControlUnit:L0|Controller:L1|state[0]'
Slack : 5.082
TNS   : 0.000

Type  : Slow 1200mV 0C Model Recovery 'row[0]'
Slack : -1.638
TNS   : -48.202

Type  : Slow 1200mV 0C Model Removal 'row[0]'
Slack : -0.031
TNS   : -0.453

Type  : Slow 1200mV 0C Model Minimum Pulse Width 'row[0]'
Slack : -3.000
TNS   : -196.881

Type  : Slow 1200mV 0C Model Minimum Pulse Width 'clk'
Slack : -3.000
TNS   : -57.717

Type  : Slow 1200mV 0C Model Minimum Pulse Width 'ControlUnit:L0|Controller:L1|state[0]'
Slack : -1.403
TNS   : -11.224

Type  : Slow 1200mV 0C Model Minimum Pulse Width 'ControlUnit:L0|Controller:L1|state[1]'
Slack : -1.403
TNS   : -11.224

Type  : Slow 1200mV 0C Model Minimum Pulse Width 'ControlUnit:L0|Delay:L3|btnState[0]'
Slack : -1.403
TNS   : -11.224

Type  : Slow 1200mV 0C Model Minimum Pulse Width 'InputUnit:L3|keypad_base:L0|clock_div:L0|clk_track'
Slack : -1.403
TNS   : -11.224

Type  : Slow 1200mV 0C Model Minimum Pulse Width 'ControlUnit:L0|Delay:L0|btnState[0]'
Slack : -1.403
TNS   : -2.806

Type  : Fast 1200mV 0C Model Setup 'ControlUnit:L0|Controller:L1|state[1]'
Slack : -5.402
TNS   : -39.576

Type  : Fast 1200mV 0C Model Setup 'ControlUnit:L0|Controller:L1|state[0]'
Slack : -5.393
TNS   : -39.651

Type  : Fast 1200mV 0C Model Setup 'clk'
Slack : -2.206
TNS   : -18.374

Type  : Fast 1200mV 0C Model Setup 'row[0]'
Slack : -2.005
TNS   : -65.215

Type  : Fast 1200mV 0C Model Setup 'ControlUnit:L0|Delay:L3|btnState[0]'
Slack : -1.040
TNS   : -5.399

Type  : Fast 1200mV 0C Model Setup 'InputUnit:L3|keypad_base:L0|clock_div:L0|clk_track'
Slack : -0.859
TNS   : -3.536

Type  : Fast 1200mV 0C Model Setup 'ControlUnit:L0|Delay:L0|btnState[0]'
Slack : -0.651
TNS   : -0.760

Type  : Fast 1200mV 0C Model Hold 'row[0]'
Slack : -0.429
TNS   : -7.867

Type  : Fast 1200mV 0C Model Hold 'InputUnit:L3|keypad_base:L0|clock_div:L0|clk_track'
Slack : 0.166
TNS   : 0.000

Type  : Fast 1200mV 0C Model Hold 'clk'
Slack : 0.167
TNS   : 0.000

Type  : Fast 1200mV 0C Model Hold 'ControlUnit:L0|Delay:L0|btnState[0]'
Slack : 0.525
TNS   : 0.000

Type  : Fast 1200mV 0C Model Hold 'ControlUnit:L0|Delay:L3|btnState[0]'
Slack : 0.748
TNS   : 0.000

Type  : Fast 1200mV 0C Model Hold 'ControlUnit:L0|Controller:L1|state[1]'
Slack : 2.166
TNS   : 0.000

Type  : Fast 1200mV 0C Model Hold 'ControlUnit:L0|Controller:L1|state[0]'
Slack : 2.266
TNS   : 0.000

Type  : Fast 1200mV 0C Model Recovery 'row[0]'
Slack : -0.562
TNS   : -15.308

Type  : Fast 1200mV 0C Model Removal 'row[0]'
Slack : 0.356
TNS   : 0.000

Type  : Fast 1200mV 0C Model Minimum Pulse Width 'row[0]'
Slack : -3.000
TNS   : -109.567

Type  : Fast 1200mV 0C Model Minimum Pulse Width 'clk'
Slack : -3.000
TNS   : -43.280

Type  : Fast 1200mV 0C Model Minimum Pulse Width 'ControlUnit:L0|Controller:L1|state[0]'
Slack : -1.000
TNS   : -8.000

Type  : Fast 1200mV 0C Model Minimum Pulse Width 'ControlUnit:L0|Controller:L1|state[1]'
Slack : -1.000
TNS   : -8.000

Type  : Fast 1200mV 0C Model Minimum Pulse Width 'ControlUnit:L0|Delay:L3|btnState[0]'
Slack : -1.000
TNS   : -8.000

Type  : Fast 1200mV 0C Model Minimum Pulse Width 'InputUnit:L3|keypad_base:L0|clock_div:L0|clk_track'
Slack : -1.000
TNS   : -8.000

Type  : Fast 1200mV 0C Model Minimum Pulse Width 'ControlUnit:L0|Delay:L0|btnState[0]'
Slack : -1.000
TNS   : -2.000

------------------------------------------------------------
